Unity Editor version:    6000.5.7f1 (017862109af0)
Branch:                  6000.5/staging
Build type:              Release
Batch mode:              YES
macOS version:           Version 26.3.1 (Build 25D2128)
Darwin version:          25.3.0
Architecture:            arm64
Running under Rosetta:   NO
Available memory:        8192 MB
Date:                    2026-08-09T07:18:35Z
[Licensing::Module] Trying to connect to existing licensing client channel...
[Licensing::IpcConnector] Successfully connected to: "LicenseClient-ariaugust" at "2026-08-09T07:18:35.734333Z"

COMMAND LINE ARGUMENTS:
/Applications/Unity/Hub/Editor/6000.5.7f1/Unity.app/Contents/MacOS/Unity
-adb2
-batchMode
-noUpm
-name
AssetImportWorkerHW0
-projectPath
/Users/ariaugust/My project
-logFile
Logs/AssetImportWorkerHW0.log
-srvPort
54452
-parentPid
59294
-analyticsCloudUserId
anonymous
-analyticsCloudProjectId
a10303f8-a9be-4d6e-a82d-dd434fecb6ea
-analyticsLocalProjectId
a55326367aef74f88a464c4dc5b2a633
-editorAnalyticsEnabled
1
-cbmEditorLicense
0a5e7347fb7b9f1d6615394dfbf23e1337633279
-cbmMachineId
eZKMaRMz1V4xfKf0y94TKUwIyuo=
-noDiagnosticSwitchPersistentStore
-job-worker-count
3
-background-job-worker-count
8
-asset-garbage-collectors
1
-force-metal
-name AssetImport
Successfully changed project path to: /Users/ariaugust/My project
/Users/ariaugust/My project
[UnityMemory] Configuration Parameters - Can be set up in boot.config
    "memorysetup-temp-allocator-size-gi-baking-worker=262144"
    "memorysetup-temp-allocator-size-gi-baking-worker=262144"
    "memorysetup-temp-allocator-size-gi-baking-worker=262144"
    "memorysetup-temp-allocator-size-gi-baking-worker=262144"
    "memorysetup-temp-allocator-size-gi-baking-worker=262144"
    "memorysetup-temp-allocator-size-nav-mesh-worker=65536"
    "memorysetup-temp-allocator-size-audio-worker=65536"
    "memorysetup-temp-allocator-size-cloud-worker=32768"
    "memorysetup-allocator-temp-initial-block-size-main=262144"
    "memorysetup-allocator-temp-initial-block-size-worker=262144"
    "memorysetup-temp-allocator-size-preload-manager=33554432"
    "memorysetup-temp-allocator-size-gfx=262144"
    "memorysetup-temp-allocator-size-background-worker=32768"
    "memorysetup-temp-allocator-size-job-worker=262144"
    "memorysetup-bucket-allocator-granularity=16"
    "memorysetup-bucket-allocator-bucket-count=8"
    "memorysetup-bucket-allocator-block-size=33554432"
    "memorysetup-bucket-allocator-block-count=8"
    "memorysetup-main-allocator-block-size=16777216"
    "memorysetup-thread-allocator-block-size=16777216"
    "memorysetup-main-allocator-mimalloc-enabled=0"
    "memorysetup-gfx-main-allocator-block-size=16777216"
    "memorysetup-gfx-thread-allocator-block-size=16777216"
    "memorysetup-cache-allocator-block-size=4194304"
    "memorysetup-typetree-allocator-block-size=2097152"
    "memorysetup-profiler-bucket-allocator-granularity=16"
    "memorysetup-profiler-bucket-allocator-bucket-count=8"
    "memorysetup-profiler-bucket-allocator-block-size=33554432"
    "memorysetup-profiler-bucket-allocator-block-count=8"
    "memorysetup-profiler-allocator-block-size=16777216"
    "memorysetup-profiler-editor-allocator-block-size=1048576"
    "memorysetup-temp-allocator-size-main=16777216"
    "memorysetup-job-temp-allocator-block-size=2097152"
    "memorysetup-job-temp-allocator-block-size-background=1048576"
    "memorysetup-job-temp-allocator-reduction-small-platforms=262144"
Player connection [8690053376]  Target information:

Player connection [8690053376]  * "[IP] 172.20.10.2 [Port] 0 [Flags] 2 [Guid] 777441868 [EditorId] 777441868 [Version] 1048832 [Id] OSXEditor(0,Aris-MacBook-2004.local) [Debug] 1 [PackageName] OSXEditor [ProjectName] Editor" 

Player connection [8690053376] Host joined multi-casting on [225.0.0.222:54997]...
Player connection [8690053376] Host joined alternative multi-casting on [225.0.0.222:34997]...
JobSystem: Creating JobQueue using job-worker-count value 3
Input System module state changed to: Initialized.
[Physics::Module] Initialized fallback backend.
[Physics::Module] Id: 0xdecafbad
Library Redirect Path: Library/
[Physics::Module] Selected backend.
[Physics::Module] Name: PhysX
[Physics::Module] Id: 0xf2b8ea05
[Physics::Module] SDK Version: 4.1.2
[Physics::Module] Integration Version: 1.0.0
[Physics::Module] Threading Mode: Multi-Threaded
Refreshing native plugins compatible for Editor in 7.93 ms, found 3 plugins.
Initialize engine version: 6000.5.7f1 (017862109af0)
[Subsystems] Discovering subsystems at path /Applications/Unity/Hub/Editor/6000.5.7f1/Unity.app/Contents/Resources/UnitySubsystems
[Subsystems] Discovering subsystems at path /Users/ariaugust/My project/Assets
Forcing GfxDevice: Metal
GfxDevice: creating device client; kGfxThreadingModeNonThreaded
 preferred device: Apple M2 (high power)
Metal devices available: 1
0: Apple M2 (high power)
Using device Apple M2 (high power)
Initializing Metal device caps: Apple M2
Mac GPU Family: 2
Apple GPU Family: 8
MSL Version: 3.0
Has Float MSAA: 1
Has Float Filtering: 1
ReadWrite Texture Tier: 2
Initialize mono
Mono path[0] = '/Applications/Unity/Hub/Editor/6000.5.7f1/Unity.app/Contents/Resources/Scripting/Managed'
Mono path[1] = '/Applications/Unity/Hub/Editor/6000.5.7f1/Unity.app/Contents/Resources/Scripting/BCLExtensions/runtime/netstandard2.1'
Mono path[2] = '/Applications/Unity/Hub/Editor/6000.5.7f1/Unity.app/Contents/Resources/Scripting/MonoBleedingEdge/lib/mono/unityjit-macos'
Mono config path = '/Applications/Unity/Hub/Editor/6000.5.7f1/Unity.app/Contents/Resources/Scripting/MonoBleedingEdge/etc'
Using monoOptions --debugger-agent=transport=dt_socket,embedding=1,server=y,suspend=n,address=127.0.0.1:56851
CodeReloadManager initialized
Begin MonoManager ReloadAssembly
Registering precompiled unity dll's ...
Register platform support module: /Applications/Unity/Hub/Editor/6000.5.7f1/PlaybackEngines/WebGLSupport/UnityEditor.WebGL.Extensions.dll
Register platform support module: /Applications/Unity/Hub/Editor/6000.5.7f1/PlaybackEngines/MacStandaloneSupport/UnityEditor.OSXStandalone.Extensions.dll
Registered in 0.001244 seconds.
Native extension for OSXStandalone target not found
Native extension for WebGL target not found
Package Manager log level set to [2]
[Package Manager] Failed to launch server process. Reason: Unity was launched with the -noUpm command-line argument
[Package Manager] Unable to send message (not connected to server process).
[Package Manager] Cannot connect to Unity Package Manager local server
ScheduleIndexationOnStartup MainProcess:False IndexOnStartup:True
Mono: successfully reloaded assembly
- Finished resetting the current domain, in  0.334 seconds
Domain Reload Profiling: 743ms
	BeginReloadAssembly (92ms)
	RebuildCommonClasses (4ms)
	RebuildNativeTypeToScriptingClass (13ms)
	initialDomainReloadingComplete (42ms)
	LoadAllAssembliesAndSetupDomain (256ms)
		LoadAssemblies (92ms)
		AnalyzeDomain (206ms)
			TypeCache.Refresh (204ms)
				TypeCache.ScanAssembly (188ms)
	FinalizeReload (335ms)
		SetupLoadedEditorAssemblies (0ms)
			BeforeProcessingInitializeOnLoad (68ms)
			ProcessInitializeOnLoadAttributes (76ms)
			ProcessInitializeOnLoadMethodAttributes (131ms)
[Licensing::Client] Error: HandshakeResponse reported an error:
	ResponseCode: 505
	ResponseStatus: Unsupported protocol version '1.18.1'.
[Licensing::Module] Error: Failed to handshake to channel: "LicenseClient-ariaugust"
[Licensing::IpcConnector] LicenseClient-ariaugust channel disconnected successfully.
[Licensing::IpcConnector] Successfully connected to: "LicenseClient-ariaugust-6000.5.7" at "2026-08-09T07:18:37.796791Z"
Initializing Unity extensions:
[Licensing::Module] Licensing is not yet initialized.
[Licensing::Client] Handshaking with LicensingClient:
  Version:                 1.18.1+9fbee8e
  Session Id:              dd90742f103a4d9ea83612e43cca6b48
  Correlation Id:          377e0e802c83669f6e103ab75d0da941
  External correlation Id: 8543711776819761918
  Machine Id:              eZKMaRMz1V4xfKf0y94TKUwIyuo=
[Licensing::Module] Successfully connected to LicensingClient on channel: "LicenseClient-ariaugust-6000.5.7" (connect: 0.00s, validation: 0.00s, handshake: 0.41s)
[Licensing::IpcConnector] Successfully connected to: "LicenseClient-ariaugust-6000.5.7-notifications" at "2026-08-09T07:18:38.2113Z"
[Licensing::Module] Licensing Background thread has ended after 2.48s
[Licensing::Module] Licensing is initialized (took 0.34s).
[Licensing::Client] Successfully resolved entitlement details
[Licensing::Module] License group:
  Id: 18968481443530-UnityPersXXXX
  Product: Unity Personal
  Type: Assigned
  Expiration: Unlimited
[CoreBusinessMetrics] Unexpected thread when updating session info.
[CoreBusinessMetrics] Unexpected thread when updating session info.
========================================================================
Worker process is ready to serve import requests
Import Worker Mode flag is 0x00
Begin MonoManager ReloadAssembly
Refreshing native plugins compatible for Editor in 3.39 ms, found 3 plugins.
Native extension for OSXStandalone target not found
Native extension for WebGL target not found
[Package Manager] Failed to launch server process. Reason: Unity was launched with the -noUpm command-line argument
[Package Manager] Unable to send message (not connected to server process).
[Package Manager] Cannot connect to Unity Package Manager local server
[Package Manager] Failed to launch server process. Reason: Unity was launched with the -noUpm command-line argument
[Package Manager] Unable to send message (not connected to server process).
[Package Manager] Cannot connect to Unity Package Manager local server
ScheduleIndexationOnStartup MainProcess:False IndexOnStartup:True
Mono: successfully reloaded assembly
- Finished resetting the current domain, in  0.696 seconds
Domain Reload Profiling: 1396ms
	BeginReloadAssembly (150ms)
		DisableScriptedObjects (5ms)
		CreateAndSetChildDomain (33ms)
	RebuildCommonClasses (6ms)
	RebuildNativeTypeToScriptingClass (13ms)
	initialDomainReloadingComplete (31ms)
	LoadAllAssembliesAndSetupDomain (500ms)
		LoadAssemblies (241ms)
		AnalyzeDomain (233ms)
			TypeCache.Refresh (168ms)
				TypeCache.ScanAssembly (151ms)
			BuildScriptInfoCaches (55ms)
			ResolveRequiredComponents (6ms)
	FinalizeReload (697ms)
		SetupLoadedEditorAssemblies (0ms)
			BeforeProcessingInitializeOnLoad (100ms)
			ProcessInitializeOnLoadAttributes (256ms)
			ProcessInitializeOnLoadMethodAttributes (187ms)
AcceleratorClientConnectionCallback - disconnected - :0
WARNING: Shader Unsupported: 'Universal Render Pipeline/VR/SpatialMapping/Wireframe' - All subshaders removed
WARNING: Shader Did you use #pragma only_renderers and omit this platform?
WARNING: Shader If subshaders removal was intentional, you may have forgotten turning Fallback off?
Shader Hidden/ChartRasterizerHardware is not supported: GPU does not support conservative rasterization
Shader Hidden/ChartRasterizerHardware is not supported: GPU does not support conservative rasterization
Launching external process: /Applications/Unity/Hub/Editor/6000.5.7f1/Unity.app/Contents/Helpers/UnityShaderCompiler
Launched and connected shader compiler UnityShaderCompiler after 0.18 seconds
Unloading 24 Unused Serialized files (Serialized files now loaded: 0)
Unloading 7357 unused Assets / (2.9 MB). Loaded Objects now: 8223.
Memory consumption went from 182.5 MB to 179.5 MB.
Total: 21.708125 ms (FindLiveObjects: 8.268417 ms CreateObjectMapping: 4.211208 ms MarkObjects: 6.542958 ms  DeleteObjects: 2.513042 ms)

Curl error 3: URL rejected: Error
========================================================================
Received Prepare
AcceleratorClientConnectionCallback - disconnected - :0
WARNING: Shader Unsupported: 'Universal Render Pipeline/VR/SpatialMapping/Wireframe' - All subshaders removed
WARNING: Shader Did you use #pragma only_renderers and omit this platform?
WARNING: Shader If subshaders removal was intentional, you may have forgotten turning Fallback off?
Shader Hidden/ChartRasterizerHardware is not supported: GPU does not support conservative rasterization
Unloading 24 Unused Serialized files (Serialized files now loaded: 0)
Unloading 24 unused Assets / (2.6 MB). Loaded Objects now: 8223.
Memory consumption went from 171.4 MB to 168.8 MB.
Total: 15.345625 ms (FindLiveObjects: 0.665291 ms CreateObjectMapping: 1.343250 ms MarkObjects: 13.033708 ms  DeleteObjects: 0.302375 ms)

Prepare: number of updated asset objects reloaded= 0
========================================================================
Received Import Request.
  Time of request: 2026-08-09T07:44:26.010433Z
  Time since last request: 1052069.64752520807087 seconds.
  importAddress: GUID: 00000000000000001000000000000000 - Path: Assets - Importer: PreviewImporter
Importing 'GUID: 00000000000000001000000000000000 - Path: Assets - Importer: PreviewImporter' with importer (PreviewImporter)
Imported 'GUID: 00000000000000001000000000000000' -> (Import Result ID: '3aa02e5fcf64c7505b6d074e63811f0f') in 0.046 seconds [static and dynamic dependencies]. Details - ImportResultOutputID=923ecb25fcaecb4cb3c936046707f967 DependenciesID=983b8953d5ce8a7aaf78e1ef9832f984 StaticDependenciesID=1b9e5a313c60f6b85df4db3605c5c793 
Number of updated asset objects reloaded before import = 0
Number of asset objects unloaded after import = 0
========================================================================
Received Prepare
AcceleratorClientConnectionCallback - disconnected - :0
WARNING: Shader Unsupported: 'Universal Render Pipeline/VR/SpatialMapping/Wireframe' - All subshaders removed
WARNING: Shader Did you use #pragma only_renderers and omit this platform?
WARNING: Shader If subshaders removal was intentional, you may have forgotten turning Fallback off?
Shader Hidden/ChartRasterizerHardware is not supported: GPU does not support conservative rasterization
Unloading 24 Unused Serialized files (Serialized files now loaded: 0)
Unloading 7340 unused Assets / (6.1 MB). Loaded Objects now: 8225.
Memory consumption went from 174.4 MB to 168.3 MB.
Total: 19.187416 ms (FindLiveObjects: 0.856250 ms CreateObjectMapping: 1.858250 ms MarkObjects: 14.806125 ms  DeleteObjects: 1.665166 ms)

Prepare: number of updated asset objects reloaded= 0
========================================================================
Received Import Request.
  Time of request: 2026-08-09T08:11:43.859052Z
  Time since last request: 1637.64662129099997 seconds.
  importAddress: GUID: 1bf04e5f65bdb4d8892dd9910dcbb0ad - Path: Assets/shoot.cs - Importer: ScriptedImporter/UnityEditor.QuickSearchModule:UnityEditor.Search:ASIAI0B
Importing 'GUID: 1bf04e5f65bdb4d8892dd9910dcbb0ad - Path: Assets/shoot.cs - Importer: ScriptedImporter/UnityEditor.QuickSearchModule:UnityEditor.Search:ASIAI0B' with importer (ScriptedImporter : UnityEditor.QuickSearchModule:UnityEditor.Search:ASIAI0B)
Imported 'GUID: 1bf04e5f65bdb4d8892dd9910dcbb0ad' -> (Import Result ID: '73e1daea3dba02727fbfeccc2ae03aaa') in 0.156 seconds [static and dynamic dependencies]. Details - ImportResultOutputID=1417d7e4db3be835d7c144ce7e1d92ea DependenciesID=04a5245d88e7f4a18d388fc9fccec5d8 StaticDependenciesID=50f0952528c65a10634dc38091cfec30 
Number of updated asset objects reloaded before import = 0
Number of asset objects unloaded after import = 0
========================================================================
Received Prepare
AcceleratorClientConnectionCallback - disconnected - :0
[Licensing::Client] Successfully resolved entitlement details
Begin MonoManager ReloadAssembly
Thread 0x17028b000 may have been prematurely finalized
Native extension for OSXStandalone target not found
Native extension for WebGL target not found
[Package Manager] Failed to launch server process. Reason: Unity was launched with the -noUpm command-line argument
[Package Manager] Unable to send message (not connected to server process).
[Package Manager] Cannot connect to Unity Package Manager local server
[Package Manager] Failed to launch server process. Reason: Unity was launched with the -noUpm command-line argument
[Package Manager] Unable to send message (not connected to server process).
[Package Manager] Cannot connect to Unity Package Manager local server
ScheduleIndexationOnStartup MainProcess:False IndexOnStartup:True
Mono: successfully reloaded assembly
- Finished resetting the current domain, in  0.493 seconds
Domain Reload Profiling: 1245ms
	BeginReloadAssembly (217ms)
		DisableScriptedObjects (22ms)
		CreateAndSetChildDomain (68ms)
	RebuildCommonClasses (6ms)
	RebuildNativeTypeToScriptingClass (13ms)
	initialDomainReloadingComplete (43ms)
	LoadAllAssembliesAndSetupDomain (473ms)
		LoadAssemblies (260ms)
		AnalyzeDomain (191ms)
			TypeCache.Refresh (15ms)
			BuildScriptInfoCaches (170ms)
			ResolveRequiredComponents (4ms)
	FinalizeReload (494ms)
		SetupLoadedEditorAssemblies (0ms)
			BeforeProcessingInitializeOnLoad (64ms)
			ProcessInitializeOnLoadAttributes (202ms)
			ProcessInitializeOnLoadMethodAttributes (72ms)
		AwakeInstancesAfterBackupRestoration (12ms)
WARNING: Shader Unsupported: 'Universal Render Pipeline/VR/SpatialMapping/Wireframe' - All subshaders removed
WARNING: Shader Did you use #pragma only_renderers and omit this platform?
WARNING: Shader If subshaders removal was intentional, you may have forgotten turning Fallback off?
Shader Hidden/ChartRasterizerHardware is not supported: GPU does not support conservative rasterization
Unloading 24 Unused Serialized files (Serialized files now loaded: 0)
Unloading 7355 unused Assets / (3.7 MB). Loaded Objects now: 8229.
Memory consumption went from 188.7 MB to 185.0 MB.
Total: 16.563375 ms (FindLiveObjects: 2.107834 ms CreateObjectMapping: 2.607375 ms MarkObjects: 9.802416 ms  DeleteObjects: 2.043542 ms)

Prepare: number of updated asset objects reloaded= 0
========================================================================
Received Import Request.
  Time of request: 2026-08-09T08:11:53.643291Z
  Time since last request: 9.615098542 seconds.
  importAddress: GUID: 1bf04e5f65bdb4d8892dd9910dcbb0ad - Path: Assets/shoot.cs - Importer: PreviewImporter
Importing 'GUID: 1bf04e5f65bdb4d8892dd9910dcbb0ad - Path: Assets/shoot.cs - Importer: PreviewImporter' with importer (PreviewImporter)
Imported 'GUID: 1bf04e5f65bdb4d8892dd9910dcbb0ad' -> (Import Result ID: '7d448d58e815eb335ee09490d5089024') in 0.004 seconds [static and dynamic dependencies]. Details - ImportResultOutputID=1cb0d87db848cd494a7efba39989a026 DependenciesID=8e72311515253f56c3c07e240b39f152 StaticDependenciesID=dd84505908ec77f3655d6cfb102d1e54 
Number of updated asset objects reloaded before import = 0
Number of asset objects unloaded after import = 0
========================================================================
Received Import Request.
  Time of request: 2026-08-09T10:00:37.595629Z
  Time since last request: 2226.06361804200014 seconds.
  importAddress: GUID: 311925a002f4447b3a28927169b83ea6 - Path: Packages/com.unity.2d.sprite/Editor/ObjectMenuCreation/DefaultAssets/Textures/v2/Square.png - Importer: PreviewImporter
Importing 'GUID: 311925a002f4447b3a28927169b83ea6 - Path: Packages/com.unity.2d.sprite/Editor/ObjectMenuCreation/DefaultAssets/Textures/v2/Square.png - Importer: PreviewImporter' with importer (PreviewImporter)
Imported 'GUID: 311925a002f4447b3a28927169b83ea6' -> (Import Result ID: 'c02f3dbb008b674a3f0f68ad83c44226') in 0.409 seconds [static and dynamic dependencies]. Details - ImportResultOutputID=1c1da05b7d621f739545de63286cc42c DependenciesID=8cd5ccb4aca1658206835c270c884ad6 StaticDependenciesID=feace01457eff2d5aaef0c42b1244768 
Number of updated asset objects reloaded before import = 0
Number of asset objects unloaded after import = 3
========================================================================
Received Import Request.
  Time of request: 2026-08-09T10:00:38.134783Z
  Time since last request: 0.002408208 seconds.
  importAddress: GUID: b670ab75dde984907b8570040daa08c5 - Path: Packages/com.unity.2d.sprite/Editor/ObjectMenuCreation/DefaultAssets/Textures/v2/HexagonFlatTop.png - Importer: PreviewImporter
Importing 'GUID: b670ab75dde984907b8570040daa08c5 - Path: Packages/com.unity.2d.sprite/Editor/ObjectMenuCreation/DefaultAssets/Textures/v2/HexagonFlatTop.png - Importer: PreviewImporter' with importer (PreviewImporter)
Imported 'GUID: b670ab75dde984907b8570040daa08c5' -> (Import Result ID: '41755ead8c71581df0668ba06c88cfd0') in 0.009 seconds [static and dynamic dependencies]. Details - ImportResultOutputID=38b15f5fda683dfb882ed30964f977f6 DependenciesID=2edbc3e0863f6fed6e2a43fb8c2df3bc StaticDependenciesID=f87536172b517fb95b3de07cb2ef6c66 
Number of updated asset objects reloaded before import = 0
Number of asset objects unloaded after import = 3
========================================================================
Received Import Request.
  Time of request: 2026-08-09T10:00:38.155259Z
  Time since last request: 0.000876042 seconds.
  importAddress: GUID: 207ee8102dd4143d288186ef0be518ee - Path: Packages/com.unity.2d.sprite/Editor/ObjectMenuCreation/DefaultAssets/Textures/v2/Capsule.png - Importer: PreviewImporter
Importing 'GUID: 207ee8102dd4143d288186ef0be518ee - Path: Packages/com.unity.2d.sprite/Editor/ObjectMenuCreation/DefaultAssets/Textures/v2/Capsule.png - Importer: PreviewImporter' with importer (PreviewImporter)
Imported 'GUID: 207ee8102dd4143d288186ef0be518ee' -> (Import Result ID: '72212def5418198117d8ebe64e8d128d') in 0.006 seconds [static and dynamic dependencies]. Details - ImportResultOutputID=960ef344a123b013e1eb78e6ba06084c DependenciesID=77ca988d480f7355ab45831b1b1e90bf StaticDependenciesID=2cc8941dd5b66b97bc8329c7f88d3123 
Number of updated asset objects reloaded before import = 0
Number of asset objects unloaded after import = 3
========================================================================
Received Import Request.
  Time of request: 2026-08-09T10:00:38.172243Z
  Time since last request: 0.000667958 seconds.
  importAddress: GUID: a86470a33a6bf42c4b3595704624658b - Path: Packages/com.unity.2d.sprite/Editor/ObjectMenuCreation/DefaultAssets/Textures/v2/Circle.png - Importer: PreviewImporter
Importing 'GUID: a86470a33a6bf42c4b3595704624658b - Path: Packages/com.unity.2d.sprite/Editor/ObjectMenuCreation/DefaultAssets/Textures/v2/Circle.png - Importer: PreviewImporter' with importer (PreviewImporter)
Imported 'GUID: a86470a33a6bf42c4b3595704624658b' -> (Import Result ID: 'a6f7b6c262cd5680dbb1d1a237726939') in 0.008 seconds [static and dynamic dependencies]. Details - ImportResultOutputID=a1dad4e394a697c4f5d09e4784bd3175 DependenciesID=6b25258700fdd2fe5e80c9b9f312b0cb StaticDependenciesID=a90fe8c45c710a8b9313501d749660a6 
Number of updated asset objects reloaded before import = 0
Number of asset objects unloaded after import = 3
========================================================================
Received Import Request.
  Time of request: 2026-08-09T10:01:27.0526Z
  Time since last request: 48.863062166 seconds.
  importAddress: GUID: 0ae2b74b1edd14bb18dd7b65ae916a54 - Path: Packages/com.unity.2d.spriteshape/Editor/ObjectMenuCreation/DefaultAssets/Sprite Shapes/SpriteShapeEdge.png - Importer: PreviewImporter
Importing 'GUID: 0ae2b74b1edd14bb18dd7b65ae916a54 - Path: Packages/com.unity.2d.spriteshape/Editor/ObjectMenuCreation/DefaultAssets/Sprite Shapes/SpriteShapeEdge.png - Importer: PreviewImporter' with importer (PreviewImporter)
Imported 'GUID: 0ae2b74b1edd14bb18dd7b65ae916a54' -> (Import Result ID: '64f2a75eaff0d25df27b7c8ea36e5523') in 0.037 seconds [static and dynamic dependencies]. Details - ImportResultOutputID=cd7c52807836e3ba6fcaac03afef9d91 DependenciesID=a5e4f0112e3a9131f7886164f4c99ad3 StaticDependenciesID=f45446a8e687899df9fef4e9290bff9e 
Number of updated asset objects reloaded before import = 0
Number of asset objects unloaded after import = 3
========================================================================
Received Import Request.
  Time of request: 2026-08-09T10:01:27.10963Z
  Time since last request: 0.00172675 seconds.
  importAddress: GUID: db750325989564987a34393247d883b4 - Path: Packages/com.unity.2d.sprite/Editor/ObjectMenuCreation/DefaultAssets/Textures/SquareWithBorder.png - Importer: PreviewImporter
Importing 'GUID: db750325989564987a34393247d883b4 - Path: Packages/com.unity.2d.sprite/Editor/ObjectMenuCreation/DefaultAssets/Textures/SquareWithBorder.png - Importer: PreviewImporter' with importer (PreviewImporter)
Imported 'GUID: db750325989564987a34393247d883b4' -> (Import Result ID: 'c2be143cb66d90bbd8c4615bbd3a1b6c') in 0.006 seconds [static and dynamic dependencies]. Details - ImportResultOutputID=47e119a232fd81c954407536e109cde4 DependenciesID=df41addd7a0f8bee8ae0aba43b2243ea StaticDependenciesID=d103be0c3ad06efccaf820f5f389a2fd 
Number of updated asset objects reloaded before import = 0
Number of asset objects unloaded after import = 3
========================================================================
Received Import Request.
  Time of request: 2026-08-09T10:01:27.128005Z
  Time since last request: 0.002462583 seconds.
  importAddress: GUID: 9417efc47083f4a1598c1966a6345cdb - Path: Packages/com.unity.2d.spriteshape/Editor/Handles/ss_leftrange.png - Importer: PreviewImporter
Importing 'GUID: 9417efc47083f4a1598c1966a6345cdb - Path: Packages/com.unity.2d.spriteshape/Editor/Handles/ss_leftrange.png - Importer: PreviewImporter' with importer (PreviewImporter)
Imported 'GUID: 9417efc47083f4a1598c1966a6345cdb' -> (Import Result ID: '3192f02feb98f1c92d661641f72ef5ea') in 0.014 seconds [static and dynamic dependencies]. Details - ImportResultOutputID=f163a66e657a4fed5357c747b38d1762 DependenciesID=d178457c4a81312d2f08011134644f9f StaticDependenciesID=d9f66302208b3c96c27d616ebdaf77ef 
Number of updated asset objects reloaded before import = 0
Number of asset objects unloaded after import = 3
========================================================================
Received Import Request.
  Time of request: 2026-08-09T10:01:27.152339Z
  Time since last request: 0.000754292 seconds.
  importAddress: GUID: 8bdd64764208642f9adc3509ebbe41a3 - Path: Packages/com.unity.2d.common/Path/Editor/Handles/TangentBrokenPro.png - Importer: PreviewImporter
Importing 'GUID: 8bdd64764208642f9adc3509ebbe41a3 - Path: Packages/com.unity.2d.common/Path/Editor/Handles/TangentBrokenPro.png - Importer: PreviewImporter' with importer (PreviewImporter)
Imported 'GUID: 8bdd64764208642f9adc3509ebbe41a3' -> (Import Result ID: '8e69148a074487a045fcb33a38e74eb9') in 0.004 seconds [static and dynamic dependencies]. Details - ImportResultOutputID=251192cd1a05ebd82f1f15826c82cfb2 DependenciesID=3f4f13ada87ccc92873960714be247c7 StaticDependenciesID=e140ab2093145aac9d9e0e216a677e6b 
Number of updated asset objects reloaded before import = 0
Number of asset objects unloaded after import = 3
========================================================================
Received Prepare
AcceleratorClientConnectionCallback - disconnected - :0
WARNING: Shader Unsupported: 'Universal Render Pipeline/VR/SpatialMapping/Wireframe' - All subshaders removed
WARNING: Shader Did you use #pragma only_renderers and omit this platform?
WARNING: Shader If subshaders removal was intentional, you may have forgotten turning Fallback off?
Shader Hidden/ChartRasterizerHardware is not supported: GPU does not support conservative rasterization
Unloading 24 Unused Serialized files (Serialized files now loaded: 0)
Unloading 24 unused Assets / (2.6 MB). Loaded Objects now: 8247.
Memory consumption went from 180.8 MB to 178.1 MB.
Total: 28.329292 ms (FindLiveObjects: 2.732542 ms CreateObjectMapping: 1.759750 ms MarkObjects: 22.871291 ms  DeleteObjects: 0.964000 ms)

Prepare: number of updated asset objects reloaded= 0
========================================================================
Received Import Request.
  Time of request: 2026-08-09T10:07:15.215693Z
  Time since last request: 348.057730209 seconds.
  importAddress: GUID: d45e984463ac94d65b403a04fa75b6f3 - Path: Assets/script - Importer: PreviewImporter
Importing 'GUID: d45e984463ac94d65b403a04fa75b6f3 - Path: Assets/script - Importer: PreviewImporter' with importer (PreviewImporter)
Imported 'GUID: d45e984463ac94d65b403a04fa75b6f3' -> (Import Result ID: '4fc476cb3305c224f0ff265f6e8e585e') in 0.003 seconds [static and dynamic dependencies]. Details - ImportResultOutputID=b0dcddf55e0890c15997497f22e40912 DependenciesID=6dd0a3a00119a624387901b7d8e9a438 StaticDependenciesID=3dda40ba60771c3c95b7247b63de0498 
Number of updated asset objects reloaded before import = 0
Number of asset objects unloaded after import = 0
========================================================================
Received Import Request.
  Time of request: 2026-08-09T10:07:15.76432Z
  Time since last request: 0.535724542 seconds.
  importAddress: GUID: d45e984463ac94d65b403a04fa75b6f3 - Path: Assets/script - Importer: ScriptedImporter/UnityEditor.QuickSearchModule:UnityEditor.Search:ASIAI0B
Importing 'GUID: d45e984463ac94d65b403a04fa75b6f3 - Path: Assets/script - Importer: ScriptedImporter/UnityEditor.QuickSearchModule:UnityEditor.Search:ASIAI0B' with importer (ScriptedImporter : UnityEditor.QuickSearchModule:UnityEditor.Search:ASIAI0B)
Imported 'GUID: d45e984463ac94d65b403a04fa75b6f3' -> (Import Result ID: '9c24eb32ec8eaa83cb8422aa5a5e49de') in 0.037 seconds [static and dynamic dependencies]. Details - ImportResultOutputID=5e19b2855948333b7d745ffc0e02ec20 DependenciesID=3b9509389a0bc71dd57bfe73fade219f StaticDependenciesID=61a9e84246c0a8578bf062086d887e82 
Number of updated asset objects reloaded before import = 0
Number of asset objects unloaded after import = 1
========================================================================
Received Prepare
AcceleratorClientConnectionCallback - disconnected - :0
WARNING: Shader Unsupported: 'Universal Render Pipeline/VR/SpatialMapping/Wireframe' - All subshaders removed
WARNING: Shader Did you use #pragma only_renderers and omit this platform?
WARNING: Shader If subshaders removal was intentional, you may have forgotten turning Fallback off?
Shader Hidden/ChartRasterizerHardware is not supported: GPU does not support conservative rasterization
Refreshing native plugins compatible for Editor in 3.40 ms, found 3 plugins.
Unloading 24 Unused Serialized files (Serialized files now loaded: 0)
Unloading 7341 unused Assets / (4.4 MB). Loaded Objects now: 8248.
Memory consumption went from 182.8 MB to 178.4 MB.
Total: 22.722708 ms (FindLiveObjects: 1.160875 ms CreateObjectMapping: 1.899000 ms MarkObjects: 17.116334 ms  DeleteObjects: 2.543917 ms)

Prepare: number of updated asset objects reloaded= 0
========================================================================
Received Import Request.
  Time of request: 2026-08-09T10:09:22.651379Z
  Time since last request: 126.839931042 seconds.
  importAddress: GUID: 34c513f474f19479fb162d14605d1330 - Path: Assets/script/Player movement.cs - Importer: PreviewImporter
Importing 'GUID: 34c513f474f19479fb162d14605d1330 - Path: Assets/script/Player movement.cs - Importer: PreviewImporter' with importer (PreviewImporter)
Imported 'GUID: 34c513f474f19479fb162d14605d1330' -> (Import Result ID: 'd61c9c77151d45824df52fe78fdcfcea') in 0.003 seconds [static and dynamic dependencies]. Details - ImportResultOutputID=450cd7a0260822cb9f81bedadf50305b DependenciesID=e65e20e25b79f3a09493550fd9b9e123 StaticDependenciesID=600030fd634f6b0f19241ebfd89a0377 
Number of updated asset objects reloaded before import = 0
Number of asset objects unloaded after import = 0
========================================================================
Received Import Request.
  Time of request: 2026-08-09T10:09:22.713945Z
  Time since last request: 0.048018791 seconds.
  importAddress: GUID: 34c513f474f19479fb162d14605d1330 - Path: Assets/script/Player movement.cs - Importer: ScriptedImporter/UnityEditor.QuickSearchModule:UnityEditor.Search:ASIAI0B
Importing 'GUID: 34c513f474f19479fb162d14605d1330 - Path: Assets/script/Player movement.cs - Importer: ScriptedImporter/UnityEditor.QuickSearchModule:UnityEditor.Search:ASIAI0B' with importer (ScriptedImporter : UnityEditor.QuickSearchModule:UnityEditor.Search:ASIAI0B)
Imported 'GUID: 34c513f474f19479fb162d14605d1330' -> (Import Result ID: '807170183cb064366948205c307e6eb6') in 0.081 seconds [static and dynamic dependencies]. Details - ImportResultOutputID=e6479839a8e3071315b24d4d55077714 DependenciesID=e9cf35ba27d874493446d4c80f31ec51 StaticDependenciesID=7f151ec9bc430ac429441006db320a41 
Number of updated asset objects reloaded before import = 0
Number of asset objects unloaded after import = 0
========================================================================
Received Prepare
AcceleratorClientConnectionCallback - disconnected - :0
[Licensing::Client] Successfully resolved entitlement details
Begin MonoManager ReloadAssembly
Thread 0x16bd0f000 may have been prematurely finalized
Native extension for OSXStandalone target not found
Native extension for WebGL target not found
[Package Manager] Failed to launch server process. Reason: Unity was launched with the -noUpm command-line argument
[Package Manager] Unable to send message (not connected to server process).
[Package Manager] Cannot connect to Unity Package Manager local server
[Package Manager] Failed to launch server process. Reason: Unity was launched with the -noUpm command-line argument
[Package Manager] Unable to send message (not connected to server process).
[Package Manager] Cannot connect to Unity Package Manager local server
ScheduleIndexationOnStartup MainProcess:False IndexOnStartup:True
Mono: successfully reloaded assembly
- Finished resetting the current domain, in  0.500 seconds
Domain Reload Profiling: 1463ms
	BeginReloadAssembly (267ms)
		DisableScriptedObjects (21ms)
		CreateAndSetChildDomain (85ms)
	RebuildCommonClasses (6ms)
	RebuildNativeTypeToScriptingClass (12ms)
	initialDomainReloadingComplete (81ms)
	LoadAllAssembliesAndSetupDomain (596ms)
		LoadAssemblies (396ms)
		AnalyzeDomain (196ms)
			TypeCache.Refresh (27ms)
			BuildScriptInfoCaches (161ms)
			ResolveRequiredComponents (3ms)
	FinalizeReload (500ms)
		SetupLoadedEditorAssemblies (0ms)
			BeforeProcessingInitializeOnLoad (58ms)
			ProcessInitializeOnLoadAttributes (222ms)
			ProcessInitializeOnLoadMethodAttributes (65ms)
		AwakeInstancesAfterBackupRestoration (11ms)
WARNING: Shader Unsupported: 'Universal Render Pipeline/VR/SpatialMapping/Wireframe' - All subshaders removed
WARNING: Shader Did you use #pragma only_renderers and omit this platform?
WARNING: Shader If subshaders removal was intentional, you may have forgotten turning Fallback off?
Shader Hidden/ChartRasterizerHardware is not supported: GPU does not support conservative rasterization
Unloading 24 Unused Serialized files (Serialized files now loaded: 0)
Unloading 7356 unused Assets / (5.0 MB). Loaded Objects now: 8250.
Memory consumption went from 191.1 MB to 186.1 MB.
Total: 8.846250 ms (FindLiveObjects: 0.514333 ms CreateObjectMapping: 1.698250 ms MarkObjects: 5.141083 ms  DeleteObjects: 1.490459 ms)

Prepare: number of updated asset objects reloaded= 0
========================================================================
Received Import Request.
  Time of request: 2026-08-09T10:40:22.454439Z
  Time since last request: 1859.65218241699995 seconds.
  importAddress: GUID: 34c513f474f19479fb162d14605d1330 - Path: Assets/script/Player movement.cs - Importer: PreviewImporter
Importing 'GUID: 34c513f474f19479fb162d14605d1330 - Path: Assets/script/Player movement.cs - Importer: PreviewImporter' with importer (PreviewImporter)
Imported 'GUID: 34c513f474f19479fb162d14605d1330' -> (Import Result ID: '9dc87da742091ac61eb70edac517cc89') in 0.021 seconds [static and dynamic dependencies]. Details - ImportResultOutputID=450cd7a0260822cb9f81bedadf50305b DependenciesID=42e4e635a0a9d1f94bb1660cd2517916 StaticDependenciesID=600030fd634f6b0f19241ebfd89a0377 
Number of updated asset objects reloaded before import = 0
Number of asset objects unloaded after import = 0
========================================================================
Received Prepare
AcceleratorClientConnectionCallback - disconnected - :0
[Licensing::Client] Successfully resolved entitlement details
Begin MonoManager ReloadAssembly
Thread 0x16bd0f000 may have been prematurely finalized
Native extension for OSXStandalone target not found
Native extension for WebGL target not found
[Package Manager] Failed to launch server process. Reason: Unity was launched with the -noUpm command-line argument
[Package Manager] Unable to send message (not connected to server process).
[Package Manager] Cannot connect to Unity Package Manager local server
[Package Manager] Failed to launch server process. Reason: Unity was launched with the -noUpm command-line argument
[Package Manager] Unable to send message (not connected to server process).
[Package Manager] Cannot connect to Unity Package Manager local server
ScheduleIndexationOnStartup MainProcess:False IndexOnStartup:True
Mono: successfully reloaded assembly
- Finished resetting the current domain, in  0.509 seconds
Domain Reload Profiling: 1343ms
	BeginReloadAssembly (276ms)
		DisableScriptedObjects (34ms)
		CreateAndSetChildDomain (77ms)
	RebuildCommonClasses (6ms)
	RebuildNativeTypeToScriptingClass (14ms)
	initialDomainReloadingComplete (42ms)
	LoadAllAssembliesAndSetupDomain (497ms)
		LoadAssemblies (304ms)
		AnalyzeDomain (195ms)
			TypeCache.Refresh (13ms)
			BuildScriptInfoCaches (176ms)
			ResolveRequiredComponents (3ms)
	FinalizeReload (509ms)
		SetupLoadedEditorAssemblies (0ms)
			BeforeProcessingInitializeOnLoad (62ms)
			ProcessInitializeOnLoadAttributes (209ms)
			ProcessInitializeOnLoadMethodAttributes (68ms)
		AwakeInstancesAfterBackupRestoration (18ms)
WARNING: Shader Unsupported: 'Universal Render Pipeline/VR/SpatialMapping/Wireframe' - All subshaders removed
WARNING: Shader Did you use #pragma only_renderers and omit this platform?
WARNING: Shader If subshaders removal was intentional, you may have forgotten turning Fallback off?
Shader Hidden/ChartRasterizerHardware is not supported: GPU does not support conservative rasterization
Unloading 24 Unused Serialized files (Serialized files now loaded: 0)
Unloading 7356 unused Assets / (5.6 MB). Loaded Objects now: 8253.
Memory consumption went from 196.9 MB to 191.3 MB.
Total: 9.603458 ms (FindLiveObjects: 0.774917 ms CreateObjectMapping: 1.715792 ms MarkObjects: 5.387000 ms  DeleteObjects: 1.709500 ms)

Prepare: number of updated asset objects reloaded= 0
========================================================================
Received Import Request.
  Time of request: 2026-08-09T11:05:21.882423Z
  Time since last request: 1499.29067716700001 seconds.
  importAddress: GUID: 34c513f474f19479fb162d14605d1330 - Path: Assets/script/Player movement.cs - Importer: ScriptedImporter/UnityEditor.QuickSearchModule:UnityEditor.Search:ASIAI0B
Importing 'GUID: 34c513f474f19479fb162d14605d1330 - Path: Assets/script/Player movement.cs - Importer: ScriptedImporter/UnityEditor.QuickSearchModule:UnityEditor.Search:ASIAI0B' with importer (ScriptedImporter : UnityEditor.QuickSearchModule:UnityEditor.Search:ASIAI0B)
Imported 'GUID: 34c513f474f19479fb162d14605d1330' -> (Import Result ID: '06e0cb8202419c7822621a7f63960403') in 0.140 seconds [static and dynamic dependencies]. Details - ImportResultOutputID=7a01294db2c2f5e32afaf7c4e7f8d062 DependenciesID=c5823bce24223a8cd036c2b53b872f9d StaticDependenciesID=ff6b119bba184d249f75172ce6cc689a 
Number of updated asset objects reloaded before import = 0
Number of asset objects unloaded after import = 0
