[2026-08-11T06:50:35.285Z][INFO] Command-line: /Applications/Unity/Hub/Editor/6000.5.7f1/Unity.app/Contents/Helpers/PackageManager/Server/UnityPackageManager server -s 9737 --ipc-path /tmp/Unity-Upm-9737.sock -l 2 --log-file '/Users/ariaugust/My project/Logs/upm.log'
[2026-08-11T06:50:35.303Z][INFO] IPC server started (IPC path=/tmp/Unity-Upm-9737.sock).
[2026-08-11T06:50:35.303Z][INFO] Hint: To connect to this UPM instance, launch Unity with the command-line parameter -upmIpcPath Upm-9737.
[2026-08-11T06:50:37.709Z][INFO] project:list-packages <-- Request received
params: {}
[2026-08-11T06:50:37.846Z][INFO] project:list-packages <-- Request received
params: {}
[2026-08-11T06:50:37.853Z][INFO] config:project:get-registries <-- Request received
params: {}
[2026-08-11T06:50:37.861Z][INFO] project:list-packages --> 200 (152 ms)
[2026-08-11T06:50:37.862Z][INFO] config:project:get-registries --> 200 (9 ms)
[2026-08-11T06:50:38.006Z][INFO] project:list-packages --> 200 (160 ms)
[2026-08-11T06:50:40.058Z][INFO] project:list-packages <-- Request received
params: {}
[2026-08-11T06:50:40.071Z][INFO] project:list-packages <-- Request received
params: {}
[2026-08-11T06:50:40.226Z][INFO] project:list-packages --> 200 (168 ms)
[2026-08-11T06:50:40.248Z][INFO] project:list-packages --> 200 (177 ms)
[2026-08-11T06:50:41.784Z][INFO] project:list-packages <-- Request received
params: {}
[2026-08-11T06:50:41.864Z][INFO] project:list-packages --> 200 (80 ms)
[2026-08-11T06:50:42.039Z][INFO] config:project:get-registries <-- Request received
params: {}
[2026-08-11T06:50:42.041Z][INFO] config:project:get-registries --> 200 (2 ms)
[2026-08-11T06:50:44.908Z][INFO] project:list-packages <-- Request received
params: {}
[2026-08-11T06:50:45.026Z][INFO] project:list-packages --> 200 (118 ms)
[2026-08-11T06:50:46.367Z][INFO] project:list-packages <-- Request received
params: {}
[2026-08-11T06:50:51.726Z][INFO] project:list-packages --> 200 (5359 ms)
[2026-08-11T06:52:31.750Z][INFO] project:list-packages <-- Request received
params: {}
[2026-08-11T06:52:32.000Z][INFO] project:list-packages <-- Request received
params: {}
[2026-08-11T06:52:32.106Z][INFO] project:list-packages --> 200 (357 ms)
[2026-08-11T06:52:32.112Z][INFO] config:project:get-registries <-- Request received
params: {}
[2026-08-11T06:52:32.115Z][INFO] config:project:get-registries --> 200 (3 ms)
[2026-08-11T06:52:32.222Z][INFO] project:list-packages --> 200 (222 ms)
[2026-08-11T06:57:12.350Z][INFO] project:list-packages <-- Request received
params: {}
[2026-08-11T06:57:12.558Z][INFO] project:list-packages --> 200 (211 ms)
[2026-08-11T06:57:12.560Z][INFO] project:list-packages <-- Request received
params: {}
[2026-08-11T06:57:12.700Z][INFO] config:project:get-registries <-- Request received
params: {}
[2026-08-11T06:57:12.706Z][INFO] project:list-packages --> 200 (146 ms)
[2026-08-11T06:57:12.707Z][INFO] config:project:get-registries --> 200 (7 ms)
[2026-08-11T06:58:14.219Z][INFO] project:list-packages <-- Request received
params: {}
[2026-08-11T06:58:14.392Z][INFO] project:list-packages --> 200 (175 ms)
[2026-08-11T06:58:14.422Z][INFO] project:list-packages <-- Request received
params: {}
[2026-08-11T06:58:14.548Z][INFO] project:list-packages --> 200 (126 ms)
[2026-08-11T06:58:14.576Z][INFO] config:project:get-registries <-- Request received
params: {}
[2026-08-11T06:58:14.579Z][INFO] config:project:get-registries --> 200 (3 ms)
[2026-08-11T07:10:43.739Z][INFO] project:list-packages <-- Request received
params: {}
[2026-08-11T07:10:43.931Z][INFO] project:list-packages <-- Request received
params: {}
[2026-08-11T07:10:43.950Z][INFO] project:list-packages --> 200 (213 ms)
[2026-08-11T07:10:44.043Z][INFO] config:project:get-registries <-- Request received
params: {}
[2026-08-11T07:10:44.052Z][INFO] project:list-packages --> 200 (121 ms)
[2026-08-11T07:10:44.052Z][INFO] config:project:get-registries --> 200 (9 ms)
[2026-08-11T08:04:16.410Z][INFO] project:list-packages <-- Request received
params: {}
[2026-08-11T08:04:16.807Z][INFO] project:list-packages <-- Request received
params: {}
[2026-08-11T08:04:20.444Z][INFO] project:list-packages <-- Request received
params: {}
[2026-08-11T08:04:21.278Z][INFO] project:list-packages <-- Request received
params: {}
[2026-08-11T08:04:21.723Z][INFO] project:list-packages --> 200 (4916 ms)
[2026-08-11T08:04:21.723Z][INFO] project:list-packages --> 200 (5315 ms)
[2026-08-11T08:04:21.724Z][INFO] project:list-packages --> 200 (1280 ms)
[2026-08-11T08:04:21.724Z][INFO] project:list-packages --> 200 (446 ms)
[2026-08-11T08:11:54.742Z][INFO] project:list-packages <-- Request received
params: {}
[2026-08-11T08:11:54.920Z][INFO] project:list-packages --> 200 (181 ms)
[2026-08-11T08:11:54.959Z][INFO] project:list-packages <-- Request received
params: {}
[2026-08-11T08:11:55.074Z][INFO] project:list-packages --> 200 (115 ms)
[2026-08-11T08:11:55.127Z][INFO] config:project:get-registries <-- Request received
params: {}
[2026-08-11T08:11:55.128Z][INFO] config:project:get-registries --> 200 (1 ms)
[2026-08-11T08:24:57.729Z][INFO] project:list-packages <-- Request received
params: {}
[2026-08-11T08:24:57.950Z][INFO] project:list-packages --> 200 (225 ms)
[2026-08-11T08:24:57.952Z][INFO] project:list-packages <-- Request received
params: {}
[2026-08-11T08:24:58.080Z][INFO] project:list-packages --> 200 (128 ms)
[2026-08-11T08:24:58.097Z][INFO] config:project:get-registries <-- Request received
params: {}
[2026-08-11T08:24:58.099Z][INFO] config:project:get-registries --> 200 (2 ms)
[2026-08-11T09:41:25.880Z][INFO] project:list-packages <-- Request received
params: {}
[2026-08-11T09:41:26.065Z][INFO] project:list-packages --> 200 (187 ms)
[2026-08-11T09:41:26.094Z][INFO] project:list-packages <-- Request received
params: {}
[2026-08-11T09:41:26.177Z][INFO] project:list-packages --> 200 (83 ms)
[2026-08-11T09:41:26.249Z][INFO] config:project:get-registries <-- Request received
params: {}
[2026-08-11T09:41:26.252Z][INFO] config:project:get-registries --> 200 (2 ms)
[2026-08-11T10:04:07.297Z][INFO] project:list-packages <-- Request received
params: {}
[2026-08-11T10:04:07.694Z][INFO] project:list-packages <-- Request received
params: {}
[2026-08-11T10:04:12.342Z][INFO] project:list-packages <-- Request received
params: {}
[2026-08-11T10:04:12.352Z][INFO] project:list-packages --> 200 (5056 ms)
[2026-08-11T10:04:12.352Z][INFO] project:list-packages --> 200 (4658 ms)
[2026-08-11T10:04:12.459Z][INFO] project:list-packages --> 200 (117 ms)
[2026-08-11T10:04:12.747Z][INFO] project:list-packages <-- Request received
params: {}
[2026-08-11T10:04:12.851Z][INFO] project:list-packages --> 200 (104 ms)
[2026-08-11T10:04:13.387Z][INFO] project:list-packages <-- Request received
params: {}
[2026-08-11T10:04:13.489Z][INFO] project:list-packages --> 200 (102 ms)
[2026-08-11T10:04:14.073Z][INFO] project:list-packages <-- Request received
params: {}
[2026-08-11T10:04:14.163Z][INFO] project:list-packages --> 200 (90 ms)
[2026-08-11T10:56:02.803Z][INFO] project:list-packages <-- Request received
params: {}
[2026-08-11T10:56:03.008Z][INFO] project:list-packages <-- Request received
params: {}
[2026-08-11T10:56:03.015Z][INFO] project:list-packages --> 200 (214 ms)
[2026-08-11T10:56:03.139Z][INFO] project:list-packages --> 200 (131 ms)
[2026-08-11T10:56:03.163Z][INFO] config:project:get-registries <-- Request received
params: {}
[2026-08-11T10:56:03.165Z][INFO] config:project:get-registries --> 200 (2 ms)
[2026-08-11T10:59:24.467Z][INFO] project:list-packages <-- Request received
params: {}
[2026-08-11T10:59:24.701Z][INFO] project:list-packages <-- Request received
params: {}
[2026-08-11T10:59:24.817Z][INFO] config:project:get-registries <-- Request received
params: {}
[2026-08-11T10:59:24.831Z][INFO] project:list-packages --> 200 (366 ms)
[2026-08-11T10:59:24.835Z][INFO] config:project:get-registries --> 200 (18 ms)
[2026-08-11T10:59:24.925Z][INFO] project:list-packages --> 200 (224 ms)
[2026-08-11T11:15:49.472Z][INFO] project:list-packages <-- Request received
params: {}
[2026-08-11T11:15:49.827Z][INFO] project:list-packages <-- Request received
params: {}
[2026-08-11T11:15:49.828Z][INFO] config:project:get-registries <-- Request received
params: {}
[2026-08-11T11:15:49.889Z][INFO] config:project:get-registries --> 200 (61 ms)
[2026-08-11T11:15:50.078Z][INFO] project:list-packages --> 200 (609 ms)
[2026-08-11T11:15:50.284Z][INFO] project:list-packages --> 200 (457 ms)
[2026-08-11T11:20:58.325Z][INFO] project:list-packages <-- Request received
params: {}
[2026-08-11T11:20:58.528Z][INFO] project:list-packages <-- Request received
params: {}
[2026-08-11T11:20:58.665Z][INFO] config:project:get-registries <-- Request received
params: {}
[2026-08-11T11:20:58.672Z][INFO] project:list-packages --> 200 (352 ms)
[2026-08-11T11:20:58.674Z][INFO] config:project:get-registries --> 200 (9 ms)
[2026-08-11T11:20:58.754Z][INFO] project:list-packages --> 200 (226 ms)
[2026-08-11T11:21:36.050Z][INFO] project:list-packages <-- Request received
params: {}
[2026-08-11T11:21:36.203Z][INFO] project:list-packages --> 200 (154 ms)
[2026-08-11T11:21:36.233Z][INFO] project:list-packages <-- Request received
params: {}
[2026-08-11T11:21:36.321Z][INFO] project:list-packages --> 200 (88 ms)
[2026-08-11T11:21:36.368Z][INFO] config:project:get-registries <-- Request received
params: {}
[2026-08-11T11:21:36.370Z][INFO] config:project:get-registries --> 200 (2 ms)
